C:/Users/sugihara/Documents/stm_projects/test_at2814/Src/stm32g4xx_hal_msp.c:65:6:HAL_MspInit	8	static
C:/Users/sugihara/Documents/stm_projects/test_at2814/Src/stm32g4xx_hal_msp.c:91:6:HAL_ADC_MspInit	120	static
C:/Users/sugihara/Documents/stm_projects/test_at2814/Src/stm32g4xx_hal_msp.c:181:6:HAL_ADC_MspDeInit	8	static
C:/Users/sugihara/Documents/stm_projects/test_at2814/Src/stm32g4xx_hal_msp.c:255:6:HAL_COMP_MspInit	48	static
C:/Users/sugihara/Documents/stm_projects/test_at2814/Src/stm32g4xx_hal_msp.c:324:6:HAL_COMP_MspDeInit	0	static
C:/Users/sugihara/Documents/stm_projects/test_at2814/Src/stm32g4xx_hal_msp.c:380:6:HAL_CORDIC_MspInit	8	static
C:/Users/sugihara/Documents/stm_projects/test_at2814/Src/stm32g4xx_hal_msp.c:402:6:HAL_CORDIC_MspDeInit	0	static
C:/Users/sugihara/Documents/stm_projects/test_at2814/Src/stm32g4xx_hal_msp.c:424:6:HAL_DAC_MspInit	8	static
C:/Users/sugihara/Documents/stm_projects/test_at2814/Src/stm32g4xx_hal_msp.c:446:6:HAL_DAC_MspDeInit	0	static
C:/Users/sugihara/Documents/stm_projects/test_at2814/Src/stm32g4xx_hal_msp.c:468:6:HAL_OPAMP_MspInit	48	static
C:/Users/sugihara/Documents/stm_projects/test_at2814/Src/stm32g4xx_hal_msp.c:543:6:HAL_OPAMP_MspDeInit	0	static
C:/Users/sugihara/Documents/stm_projects/test_at2814/Src/stm32g4xx_hal_msp.c:605:6:HAL_TIM_Base_MspInit	8	static
C:/Users/sugihara/Documents/stm_projects/test_at2814/Src/stm32g4xx_hal_msp.c:621:6:HAL_TIM_MspPostInit	56	static
C:/Users/sugihara/Documents/stm_projects/test_at2814/Src/stm32g4xx_hal_msp.c:674:6:HAL_TIM_Base_MspDeInit	8	static
C:/Users/sugihara/Documents/stm_projects/test_at2814/Src/stm32g4xx_hal_msp.c:700:6:HAL_UART_MspInit	104	static
C:/Users/sugihara/Documents/stm_projects/test_at2814/Src/stm32g4xx_hal_msp.c:747:6:HAL_UART_MspDeInit	8	static
